make: Entering directory `/data/pg18/src/OpenTenBase/contrib/pg_stat_statements'
make -C ../../src/backend generated-headers
make[1]: Entering directory `/data/pg18/src/OpenTenBase/src/backend'
make -C ../include/catalog generated-headers
make[2]: Entering directory `/data/pg18/src/OpenTenBase/src/include/catalog'
make[2]: Nothing to be done for `generated-headers'.
make[2]: Leaving directory `/data/pg18/src/OpenTenBase/src/include/catalog'
make -C nodes generated-header-symlinks
make[2]: Entering directory `/data/pg18/src/OpenTenBase/src/backend/nodes'
make[2]: Nothing to be done for `generated-header-symlinks'.
make[2]: Leaving directory `/data/pg18/src/OpenTenBase/src/backend/nodes'
make -C utils generated-header-symlinks
make[2]: Entering directory `/data/pg18/src/OpenTenBase/src/backend/utils'
make -C adt jsonpath_gram.h
make[3]: Entering directory `/data/pg18/src/OpenTenBase/src/backend/utils/adt'
make[3]: `jsonpath_gram.h' is up to date.
make[3]: Leaving directory `/data/pg18/src/OpenTenBase/src/backend/utils/adt'
make[2]: Leaving directory `/data/pg18/src/OpenTenBase/src/backend/utils'
make[1]: Leaving directory `/data/pg18/src/OpenTenBase/src/backend'
gcc -Wall -Wmissing-prototypes -Wpointer-arith -Wdeclaration-after-statement -Werror=vla -Wendif-labels -Wmissing-format-attribute -Wimplicit-fallthrough=3 -Wcast-function-type -Wshadow=compatible-local -Wformat-security -fno-strict-aliasing -fwrapv -fexcess-precision=standard -Wno-format-truncation -Wno-stringop-truncation -O2 -fPIC -fvisibility=hidden -I. -I. -I../../src/include -I/usr/include/openssl11 -D_GNU_SOURCE      -c -o pg_stat_statements.o pg_stat_statements.c
gcc -Wall -Wmissing-prototypes -Wpointer-arith -Wdeclaration-after-statement -Werror=vla -Wendif-labels -Wmissing-format-attribute -Wimplicit-fallthrough=3 -Wcast-function-type -Wshadow=compatible-local -Wformat-security -fno-strict-aliasing -fwrapv -fexcess-precision=standard -Wno-format-truncation -Wno-stringop-truncation -O2 -fPIC -fvisibility=hidden -shared -o pg_stat_statements.so  pg_stat_statements.o -L../../src/port -L../../src/common  -L/usr/lib64/openssl11  -Wl,--as-needed -Wl,-rpath,'/data/pg18/install/lib',--enable-new-dtags -lm  -fvisibility=hidden 
/bin/mkdir -p '/data/pg18/install/lib/postgresql'
/bin/mkdir -p '/data/pg18/install/share/postgresql/extension'
/bin/mkdir -p '/data/pg18/install/share/postgresql/extension'
/bin/install -c -m 755  pg_stat_statements.so '/data/pg18/install/lib/postgresql/pg_stat_statements.so'
/bin/install -c -m 644 ./pg_stat_statements.control '/data/pg18/install/share/postgresql/extension/'
/bin/install -c -m 644 ./pg_stat_statements--1.4.sql ./pg_stat_statements--1.11--1.12.sql ./pg_stat_statements--1.10--1.11.sql ./pg_stat_statements--1.9--1.10.sql ./pg_stat_statements--1.8--1.9.sql ./pg_stat_statements--1.7--1.8.sql ./pg_stat_statements--1.6--1.7.sql ./pg_stat_statements--1.5--1.6.sql ./pg_stat_statements--1.4--1.5.sql ./pg_stat_statements--1.3--1.4.sql ./pg_stat_statements--1.2--1.3.sql ./pg_stat_statements--1.1--1.2.sql ./pg_stat_statements--1.0--1.1.sql  '/data/pg18/install/share/postgresql/extension/'
make: Leaving directory `/data/pg18/src/OpenTenBase/contrib/pg_stat_statements'
