
[1m>>> 检测到以 root 运行：改用 postgres 身份继续（PG 不允许 root 跑实例）[0m
运行身份：postgres（uid 26）

[1m>>> 切换到 devtoolset-11（GCC 11）[0m
gcc (GCC) 11.2.1 20220127 (Red Hat 11.2.1-9)

[1m>>> 拉取 PostgreSQL 基线源码（REL_18_STABLE）[0m
PG commit: 4c66f172a09296b08d53526f802ddd2b461bd7e8
AC_INIT([PostgreSQL], [18.6], [pgsql-bugs@lists.postgresql.org], [], [https://www.postgresql.org/])

[1m>>> 确认基线是纯社区 PG（无 gtm、contrib 无 vector）[0m

[1m>>> 编译安装 PostgreSQL（约 15-25 分钟）[0m
使用 openssl11：-I/usr/include/openssl11 -L/usr/lib64/openssl11
PostgreSQL 18.6

[1m>>> 安装 contrib/pg_stat_statements[0m
-rwxr-xr-x. 1 postgres postgres 52600 Aug 26 11:22 /data/pg18/install/lib/postgresql/pg_stat_statements.so

[1m>>> 初始化数据目录[0m

[1m>>> 启动实例（端口 5518）[0m
waiting for server to start.... done
server started
PostgreSQL 18.6 on x86_64-pc-linux-gnu, compiled by gcc (GCC) 11.2.1 20220127 (Red Hat 11.2.1-9), 64-bit

[1m>>> 拉取并编译 pgvector v0.8.6[0m
pgvector commit: 8ee86c96f0fd72390f890aa8a336fda6d3ab4c6c
421e96132e40f256f3353c8c70b99c1a6076eb8a7ac9f50ac81927c57f03eaee  /data/pg18/install/lib/postgresql/vector.so

[1m>>> 启用扩展并核对版本[0m
vector 0.8.6

[1m>>> 存档环境快照[0m
pg_commit=4c66f172a09296b08d53526f802ddd2b461bd7e8
pgvector_commit=8ee86c96f0fd72390f890aa8a336fda6d3ab4c6c
pg_configure= '--prefix=/data/pg18/install' '--with-openssl' '--with-icu' '--with-readline' '--enable-tap-tests' 'CPPFLAGS=-I/usr/include/openssl11' 'LDFLAGS=-L/usr/lib64/openssl11' 'PKG_CONFIG_PATH=/opt/rh/devtoolset-11/root/usr/lib64/pkgconfig'
PostgreSQL 18.6 on x86_64-pc-linux-gnu, compiled by gcc (GCC) 11.2.1 20220127 (Red Hat 11.2.1-9), 64-bit

[1m搭建完成。[0m 下一步：bash 02_verify_phenomena.sh 确认两个诊断对象可复现。
连接方式：/data/pg18/install/bin/psql -p 5518 -d postgres
